{
  "10.3102/00028312251367669": {
    "title": "Introducing a High School Exit Exam in Science: Consequences in Massachusetts",
    "authors": "Ann Mantil, John P. Papay, Preeya P. Mbekeani, Richard J. Murnane",
    "abstract_contains": "Preparing students for science, technology, and engineering careers is an urgent state policy challenge.",
    "published": "2025-09-28T13:13:08+00:00"
  },
  "10.3102/00346543251367769": {
    "title": "Disentangling the Effects of Social and Emotional Learning Programs on Student Academic Achievement Across Grades 1â€“12: A Systematic Review and Meta-analysis",
    "authors": "Cheyeon Ha, Michael F. McCarthy, Michael J. Strambler, Christina Cipriano",
    "abstract_contains": "Universal school-based social and emotional Learning (SEL) programs are designed to provide structured learning opportunities for all students during the regular school time to advance their social, emotional, and academic development.",
    "published": "2025-10-08T23:00:17+00:00"
  }
}
